success
success
success
TypeMismatch: ASSIGN y 17
TypeMismatch: ASSIGN x 'abc'