success
success
success
success
b//0 a//1 c//1
a//0 b//0