success
Redeclared: INSERT x string
success
success
x//0 y//1 z//2
UnclosedBlock: 3