success
success
success
success
success
success
Undeclared: ASSIGN d 30