success
success
success
success
TypeMismatch: ASSIGN a 100
success