success
success
success
success
TypeMismatch: ASSIGN b a
TypeMismatch: ASSIGN a b