success
success
success
TypeMismatch: ASSIGN x x
TypeMismatch: ASSIGN x x