success
success
success
success
1
TypeMismatch: ASSIGN id 'xyz'