success
TypeMismatch: ASSIGN s 'it\'s complicated'