success
success
success
TypeMismatch: ASSIGN x y
Undeclared: ASSIGN y 100