success
success
success
success
success
success
2
1
0